Name                                Stmts   Miss  Cover
-------------------------------------------------------
config\__init__.py                      2      0   100%
config\asgi.py                          4      4     0%
config\celery.py                        6      0   100%
config\settings.py                     36      0   100%
config\urls.py                         11      1    91%
config\wsgi.py                          4      4     0%
habits\__init__.py                      0      0   100%
habits\admin.py                         6      0   100%
habits\apps.py                          5      0   100%
habits\migrations\0001_initial.py       6      0   100%
habits\migrations\0002_initial.py       7      0   100%
habits\migrations\__init__.py           0      0   100%
habits\models.py                       21      1    95%
habits\pagination.py                    5      0   100%
habits\permissions.py                   6      1    83%
habits\serializers.py                   9      0   100%
habits\tasks.py                        22     22     0%
habits\urls.py                          5      0   100%
habits\validators.py                   46      1    98%
habits\views.py                        35      1    97%
manage.py                              12      2    83%
static\__init__.py                      0      0   100%
tests\__init__.py                       0      0   100%
tests\tests_habit_crud.py              32      0   100%
tests\tests_validators.py              37      0   100%
users\__init__.py                       0      0   100%
users\admin.py                          6      0   100%
users\apps.py                           5      0   100%
users\managers.py                      20      9    55%
users\migrations\0001_initial.py        6      0   100%
users\migrations\__init__.py            0      0   100%
users\models.py                        19      0   100%
users\serializers.py                    9      2    78%
users\tests.py                          1      0   100%
users\urls.py                           6      0   100%
users\views.py                         16      0   100%
-------------------------------------------------------
TOTAL                                 405     48    88%
